 
****************************************
Report : area
Design : top
Version: U-2022.12
Date   : Mon Feb 10 19:33:30 2025
****************************************

Library(s) Used:

    tsl18fs120_typ (File: /tools/kits/tower/PDK_TS18SL/FS120_STD_Cells_0_18um_2005_12/DW_TOWER_tsl18fs120/2005.12/synopsys/2004.12/models/tsl18fs120_typ.db)

Number of ports:                          743
Number of nets:                         16697
Number of cells:                        15700
Number of combinational cells:          14228
Number of sequential cells:              1280
Number of macros/black boxes:               1
Number of buf/inv:                       3252
Number of references:                       6

Combinational area:              19122.250000
Buf/Inv area:                     2009.500000
Noncombinational area:            6612.500000
Macro/Black Box area:           126040.000000
Net Interconnect area:           11621.333131

Total cell area:                151774.750000
Total area:                     163396.083131
1
